Function: Tokens -> Full-Fits-Request : Full-Fits-Response: Function-Fits-Request: Function-Fits-Response: Decls-Fit-Request: Decls-Fit-Response 
__uint32_identity: 8 -> True : True: True: True: True: True 
csv_set_free_func: 191 -> True : True: True: True: True: True 
csv_write: 111 -> True : True: True: True: True: True 
__bswap_16: 9 -> True : True: True: True: True: True 
csv_parse: 267 -> True : True: True: True: True: True 
csv_fwrite2: 104 -> True : True: True: True: True: True 
__bswap_32: 8 -> True : True: True: True: True: True 
csv_error: 231 -> True : True: True: True: True: True 
__uint16_identity: 9 -> True : True: True: True: True: True 
csv_get_quote: 233 -> True : True: True: True: True: True 
__uint64_identity: 9 -> True : True: True: True: True: True 
csv_fwrite: 108 -> True : True: True: True: True: True 
csv_fini: 211 -> True : True: True: True: True: True 
csv_set_term_func: 192 -> True : True: True: True: True: True 
csv_get_buffer_size: 187 -> True : True: True: True: True: True 
__bswap_64: 9 -> True : True: True: True: True: True 
csv_get_delim: 234 -> True : True: True: True: True: True 
csv_get_opts: 185 -> True : True: True: True: True: True 
csv_set_delim: 189 -> True : True: True: True: True: True 
csv_set_opts: 188 -> True : True: True: True: True: True 
csv_set_quote: 188 -> True : True: True: True: True: True 
csv_set_realloc_func: 195 -> True : True: True: True: True: True 
csv_free: 183 -> True : True: True: True: True: True 
csv_set_space_func: 192 -> True : True: True: True: True: True 
csv_write2: 88 -> True : True: True: True: True: True 
csv_set_blk_size: 188 -> True : True: True: True: True: True 
csv_increase_buffer: 174 -> True : True: True: True: True: True 
csv_strerror: 104 -> True : True: True: True: True: True 
csv_init: 238 -> True : True: True: True: True: True 
Summary:
Total function: 29
Full function + decls -> 29 fits in request limit, 29 fits in response limit
Function only -> 29 fits in request limit, 29 fits in response limit
Decls only -> 29 fits in request limit, 29 fits in response limit
